// Vitest Snapshot v1, https://vitest.dev/guide/snapshot.html

exports[`Footer > Renders Bohemian Recipe 1`] = `
<body>
  <div>
    <footer
      class="bottom-0 left-0 w-full bg-black h-10 flex items-center justify-center"
      data-testid="cypress-footer"
    >
      <p
        class="text-orange-300 text-xs"
      >
        2023
         Bohemian Recipe
      </p>
    </footer>
  </div>
</body>
`;
