// Vitest Snapshot v1, https://vitest.dev/guide/snapshot.html

exports[`Header > Renders header with logo 1`] = `
<body>
  <div>
    <div
      class="w-full bg-black flex items-center justify-center py-2 md:py-2"
      data-testid="test-header"
    >
      <div
        class="h-16 md:h-28"
      >
        <a
          class="header-logo-link"
          href=""
        >
          <img
            alt="Logo"
            class="h-full"
            data-testid="cypress-logo"
            src="/project2/src/assets/BR-logo-tr.png"
          />
        </a>
      </div>
    </div>
  </div>
</body>
`;
